2026-02-26 11:13:53 | INFO     | ============================================================
2026-02-26 11:13:53 | INFO     | STARTING THE JOB
2026-02-26 11:13:53 | INFO     | ============================================================
2026-02-26 11:13:53 | INFO     |   Seed value: 42
2026-02-26 11:13:53 | INFO     |   Calculation window: 5
2026-02-26 11:13:53 | INFO     |   Version: v1
2026-02-26 11:13:53 | INFO     | Set the random seed to 42
2026-02-26 11:13:53 | ERROR    | Something went wrong: There's something wrong with the CSV format: bad delimiter value
Traceback (most recent call last):
  File "E:\rep\mlops-tasks\run.py", line 103, in read_data_file
    data_table = pd.read_csv(path_object, sep=None, engine='python')
  File "C:\Users\prana\AppData\Roaming\Python\Python313\site-packages\pandas\io\parsers\readers.py", line 1026, in read_csv
    return _read(filepath_or_buffer, kwds)
  File "C:\Users\prana\AppData\Roaming\Python\Python313\site-packages\pandas\io\parsers\readers.py", line 620, in _read
    parser = TextFileReader(filepath_or_buffer, **kwds)
  File "C:\Users\prana\AppData\Roaming\Python\Python313\site-packages\pandas\io\parsers\readers.py", line 1620, in __init__
    self._engine = self._make_engine(f, self.engine)
                   ~~~~~~~~~~~~~~~~~^^^^^^^^^^^^^^^^
  File "C:\Users\prana\AppData\Roaming\Python\Python313\site-packages\pandas\io\parsers\readers.py", line 1898, in _make_engine
    return mapping[engine](f, **self.options)
           ~~~~~~~~~~~~~~~^^^^^^^^^^^^^^^^^^^
  File "C:\Users\prana\AppData\Roaming\Python\Python313\site-packages\pandas\io\parsers\python_parser.py", line 123, in __init__
    self.data = self._make_reader(f)
                ~~~~~~~~~~~~~~~~~^^^
  File "C:\Users\prana\AppData\Roaming\Python\Python313\site-packages\pandas\io\parsers\python_parser.py", line 225, in _make_reader
    line_rdr = csv.reader(StringIO(line), dialect=dia)
ValueError: bad delimiter value

During handling of the above exception, another exception occurred:

Traceback (most recent call last):
  File "E:\rep\mlops-tasks\run.py", line 183, in run_pipeline
    data_table = read_data_file(inputs.input, messenger)
  File "E:\rep\mlops-tasks\run.py", line 109, in read_data_file
    raise ValueError(f"There's something wrong with the CSV format: {error}")
ValueError: There's something wrong with the CSV format: bad delimiter value
2026-02-26 11:13:53 | INFO     | ============================================================
2026-02-26 11:13:53 | INFO     | JOB ENDED WITH ERRORS
2026-02-26 11:13:53 | INFO     | ============================================================
